[2020-09-22T22:53:20.503+0200][0.192s][info][gc] Using G1
[2020-09-22T22:53:21.167+0200][0,856s][info][gc] GC(0) Pause Young (Concurrent Start) (Metadata GC Threshold) 80M->8M(235520M) 10,282ms
[2020-09-22T22:53:21.167+0200][0,856s][info][gc] GC(1) Concurrent Cycle
[2020-09-22T22:53:21.178+0200][0,868s][info][gc] GC(1) Pause Remark 39M->39M(235520M) 1,411ms
[2020-09-22T22:53:21.179+0200][0,869s][info][gc] GC(1) Pause Cleanup 39M->39M(235520M) 0,746ms
[2020-09-22T22:53:21.357+0200][1,046s][info][gc] GC(1) Concurrent Cycle 189,906ms
[2020-09-22T22:53:21.893+0200][1,583s][info][gc] GC(2) Pause Full (System.gc()) 104M->12M(235520M) 125,543ms
[2020-09-22T22:53:28.106+0200][7,796s][info][gc] GC(3) Pause Young (Normal) (G1 Evacuation Pause) 11788M->200M(235520M) 62,510ms
[2020-09-22T22:53:31.815+0200][11,505s][info][gc] GC(4) Pause Young (Normal) (G1 Evacuation Pause) 11784M->155M(235520M) 27,248ms
[2020-09-22T22:53:36.371+0200][16,061s][info][gc] GC(5) Pause Young (Normal) (GCLocker Initiated GC) 11851M->142M(235520M) 24,499ms
[2020-09-22T22:53:40.450+0200][20,140s][info][gc] GC(6) Pause Young (Normal) (G1 Evacuation Pause) 11758M->167M(235520M) 28,068ms
[2020-09-22T22:53:44.625+0200][24,315s][info][gc] GC(7) Pause Young (Normal) (G1 Evacuation Pause) 11783M->128M(235520M) 18,952ms
[2020-09-22T22:53:49.340+0200][29,029s][info][gc] GC(8) Pause Young (Normal) (G1 Evacuation Pause) 11776M->150M(235520M) 25,986ms
[2020-09-22T22:53:53.244+0200][32,933s][info][gc] GC(9) Pause Young (Normal) (G1 Evacuation Pause) 11766M->171M(235520M) 26,000ms
[2020-09-22T22:53:57.083+0200][36,772s][info][gc] GC(10) Pause Young (Normal) (G1 Evacuation Pause) 11787M->163M(235520M) 30,809ms
[2020-09-22T22:54:01.427+0200][41,117s][info][gc] GC(11) Pause Young (Normal) (G1 Evacuation Pause) 11779M->165M(235520M) 30,796ms
[2020-09-22T22:54:05.094+0200][44,784s][info][gc] GC(12) Pause Young (Normal) (GCLocker Initiated GC) 11861M->172M(235520M) 28,856ms
[2020-09-22T22:54:54.947+0200][94,636s][info][gc] GC(13) Pause Young (Normal) (G1 Evacuation Pause) 138540M->191M(235520M) 38,877ms
[2020-09-22T22:55:49.402+0200][149,092s][info][gc] GC(14) Pause Young (Normal) (GCLocker Initiated GC) 141331M->167M(235520M) 37,017ms
[2020-09-22T22:56:44.759+0200][204,449s][info][gc] GC(15) Pause Young (Normal) (GCLocker Initiated GC) 141383M->167M(235520M) 36,513ms
[2020-09-22T22:57:41.217+0200][260,907s][info][gc] GC(16) Pause Young (Normal) (GCLocker Initiated GC) 141383M->189M(235520M) 38,635ms
[2020-09-22T22:58:44.832+0200][324,522s][info][gc] GC(17) Pause Young (Normal) (G1 Evacuation Pause) 141309M->200M(235520M) 39,917ms
[2020-09-22T22:59:47.787+0200][387,476s][info][gc] GC(18) Pause Young (Normal) (G1 Evacuation Pause) 141320M->213M(235520M) 42,633ms
[2020-09-22T23:00:51.547+0200][451,236s][info][gc] GC(19) Pause Young (Normal) (G1 Evacuation Pause) 141301M->235M(235520M) 44,631ms
[2020-09-22T23:02:00.366+0200][520,055s][info][gc] GC(20) Pause Young (Normal) (G1 Evacuation Pause) 141323M->261M(235520M) 46,806ms
[2020-09-22T23:03:08.994+0200][588,684s][info][gc] GC(21) Pause Young (Normal) (G1 Evacuation Pause) 141317M->248M(235520M) 44,462ms
[2020-09-22T23:04:15.021+0200][654,710s][info][gc] GC(22) Pause Young (Normal) (G1 Evacuation Pause) 141304M->308M(235520M) 51,465ms
[2020-09-22T23:05:19.283+0200][718,972s][info][gc] GC(23) Pause Young (Normal) (G1 Evacuation Pause) 141300M->229M(235520M) 45,236ms
[2020-09-22T23:06:24.078+0200][783,768s][info][gc] GC(24) Pause Young (Normal) (G1 Evacuation Pause) 141317M->316M(235520M) 55,011ms
[2020-09-22T23:07:28.751+0200][848,441s][info][gc] GC(25) Pause Young (Normal) (G1 Evacuation Pause) 141308M->241M(235520M) 45,332ms
[2020-09-22T23:08:34.836+0200][914,526s][info][gc] GC(26) Pause Young (Normal) (G1 Evacuation Pause) 141297M->352M(235520M) 58,302ms
[2020-09-22T23:09:43.493+0200][983,183s][info][gc] GC(27) Pause Young (Normal) (G1 Evacuation Pause) 141312M->274M(235520M) 46,671ms
[2020-09-22T23:10:51.606+0200][1051,296s][info][gc] GC(28) Pause Young (Normal) (G1 Evacuation Pause) 141298M->246M(235520M) 45,509ms
[2020-09-22T23:11:58.565+0200][1118,255s][info][gc] GC(29) Pause Young (Normal) (G1 Evacuation Pause) 141302M->225M(235520M) 46,017ms
[2020-09-22T23:13:06.687+0200][1186,377s][info][gc] GC(30) Pause Young (Normal) (G1 Evacuation Pause) 141313M->311M(235520M) 52,679ms
[2020-09-22T23:14:29.601+0200][1269,291s][info][gc] GC(31) Pause Young (Normal) (G1 Evacuation Pause) 141303M->768M(235520M) 90,975ms
[2020-09-22T23:15:27.291+0200][1326,981s][info][gc] GC(32) Pause Full (System.gc()) 53840M->1942M(235520M) 499,921ms
[2020-09-22T23:15:39.229+0200][1338,918s][info][gc] GC(33) Pause Young (Normal) (G1 Evacuation Pause) 13718M->2767M(235520M) 90,570ms
[2020-09-22T23:15:48.847+0200][1348,536s][info][gc] GC(34) Pause Young (Normal) (G1 Evacuation Pause) 13711M->3081M(235520M) 181,849ms
[2020-09-22T23:15:57.951+0200][1357,640s][info][gc] GC(35) Pause Young (Normal) (G1 Evacuation Pause) 13961M->3338M(235520M) 124,162ms
[2020-09-22T23:16:06.637+0200][1366,327s][info][gc] GC(36) Pause Young (Normal) (G1 Evacuation Pause) 14186M->3613M(235520M) 127,937ms
[2020-09-22T23:16:15.227+0200][1374,917s][info][gc] GC(37) Pause Young (Normal) (GCLocker Initiated GC) 14445M->3887M(235520M) 126,451ms
[2020-09-22T23:16:23.122+0200][1382,812s][info][gc] GC(38) Pause Young (Normal) (G1 Evacuation Pause) 14671M->4270M(235520M) 139,828ms
[2020-09-22T23:16:30.666+0200][1390,356s][info][gc] GC(39) Pause Young (Normal) (G1 Evacuation Pause) 14990M->4668M(235520M) 152,396ms
[2020-09-22T23:16:37.480+0200][1397,169s][info][gc] GC(40) Pause Young (Normal) (G1 Evacuation Pause) 15260M->4896M(235520M) 146,372ms
[2020-09-22T23:16:43.889+0200][1403,578s][info][gc] GC(41) Pause Young (Normal) (G1 Evacuation Pause) 15584M->5235M(235520M) 146,719ms
[2020-09-22T23:16:50.810+0200][1410,500s][info][gc] GC(42) Pause Young (Normal) (G1 Evacuation Pause) 15955M->5641M(235520M) 149,071ms
[2020-09-22T23:16:57.856+0200][1417,546s][info][gc] GC(43) Pause Young (Normal) (G1 Evacuation Pause) 16265M->5975M(235520M) 158,443ms
[2020-09-22T23:17:04.854+0200][1424,544s][info][gc] GC(44) Pause Young (Normal) (G1 Evacuation Pause) 16599M->6389M(235520M) 165,753ms
[2020-09-22T23:17:05.626+0200][1425,315s][info][gc] GC(45) Pause Full (System.gc()) 6741M->3048M(235520M) 497,038ms
[2020-09-22T23:17:11.593+0200][1431,283s][info][gc] GC(46) Pause Young (Normal) (G1 Evacuation Pause) 14824M->4120M(235520M) 117,526ms
[2020-09-22T23:17:16.777+0200][1436,466s][info][gc] GC(47) Pause Young (Normal) (G1 Evacuation Pause) 14808M->4305M(235520M) 128,463ms
[2020-09-22T23:17:22.329+0200][1442,018s][info][gc] GC(48) Pause Young (Normal) (G1 Evacuation Pause) 15281M->4727M(235520M) 119,914ms
[2020-09-22T23:17:27.694+0200][1447,384s][info][gc] GC(49) Pause Young (Normal) (G1 Evacuation Pause) 15575M->5012M(235520M) 117,307ms
[2020-09-22T23:17:32.982+0200][1452,672s][info][gc] GC(50) Pause Young (Normal) (G1 Evacuation Pause) 15924M->5301M(235520M) 113,367ms
[2020-09-22T23:17:39.566+0200][1459,255s][info][gc] GC(51) Pause Young (Normal) (G1 Evacuation Pause) 18069M->5652M(235520M) 122,534ms
[2020-09-22T23:17:46.199+0200][1465,889s][info][gc] GC(52) Pause Young (Normal) (G1 Evacuation Pause) 18868M->6003M(235520M) 149,970ms
[2020-09-22T23:17:52.850+0200][1472,540s][info][gc] GC(53) Pause Young (Normal) (G1 Evacuation Pause) 18835M->6172M(235520M) 157,568ms
[2020-09-22T23:18:00.036+0200][1479,725s][info][gc] GC(54) Pause Young (Normal) (G1 Evacuation Pause) 19484M->6588M(235520M) 137,583ms
[2020-09-22T23:18:07.304+0200][1486,994s][info][gc] GC(55) Pause Young (Normal) (G1 Evacuation Pause) 18780M->6955M(235520M) 181,321ms
[2020-09-22T23:18:15.414+0200][1495,104s][info][gc] GC(56) Pause Young (Normal) (G1 Evacuation Pause) 20747M->7416M(235520M) 155,930ms
[2020-09-22T23:18:23.851+0200][1503,540s][info][gc] GC(57) Pause Young (Normal) (G1 Evacuation Pause) 20376M->7922M(235520M) 165,407ms
[2020-09-22T23:18:32.373+0200][1512,062s][info][gc] GC(58) Pause Young (Normal) (G1 Evacuation Pause) 20370M->8368M(235520M) 161,535ms
[2020-09-22T23:18:43.127+0200][1522,816s][info][gc] GC(59) Pause Young (Normal) (G1 Evacuation Pause) 22800M->8816M(235520M) 164,683ms
[2020-09-22T23:18:52.165+0200][1531,855s][info][gc] GC(60) Pause Young (Normal) (G1 Evacuation Pause) 21456M->9417M(235520M) 173,404ms
[2020-09-22T23:19:00.405+0200][1540,094s][info][gc] GC(61) Pause Young (Normal) (G1 Evacuation Pause) 20937M->9922M(235520M) 167,957ms
[2020-09-22T23:19:04.596+0200][1544,286s][info][gc] GC(62) Pause Full (System.gc()) 14866M->4263M(235520M) 699,677ms
[2020-09-22T23:19:19.202+0200][1558,891s][info][gc] GC(63) Pause Young (Normal) (G1 Evacuation Pause) 24935M->5783M(235520M) 148,253ms
[2020-09-22T23:19:26.131+0200][1565,821s][info][gc] GC(64) Pause Young (Normal) (G1 Evacuation Pause) 16023M->6152M(235520M) 170,113ms
[2020-09-22T23:19:32.838+0200][1572,528s][info][gc] GC(65) Pause Young (Normal) (G1 Evacuation Pause) 16872M->6676M(235520M) 156,524ms
[2020-09-22T23:19:39.582+0200][1579,272s][info][gc] GC(66) Pause Young (Normal) (G1 Evacuation Pause) 17396M->7051M(235520M) 141,042ms
[2020-09-22T23:19:46.844+0200][1586,533s][info][gc] GC(67) Pause Young (Normal) (G1 Evacuation Pause) 17835M->7591M(235520M) 151,918ms
[2020-09-22T23:19:54.324+0200][1594,013s][info][gc] GC(68) Pause Young (Normal) (G1 Evacuation Pause) 18279M->8111M(235520M) 157,221ms
[2020-09-22T23:20:03.813+0200][1603,502s][info][gc] GC(69) Pause Young (Normal) (G1 Evacuation Pause) 21295M->8707M(235520M) 162,367ms
[2020-09-22T23:20:12.812+0200][1612,502s][info][gc] GC(70) Pause Young (Normal) (G1 Evacuation Pause) 21059M->9255M(235520M) 177,659ms
[2020-09-22T23:20:20.341+0200][1620,031s][info][gc] GC(71) Pause Young (Normal) (G1 Evacuation Pause) 19847M->9809M(235520M) 173,122ms
[2020-09-22T23:20:28.254+0200][1627,943s][info][gc] GC(72) Pause Young (Normal) (G1 Evacuation Pause) 20497M->10387M(235520M) 171,674ms
[2020-09-22T23:20:36.710+0200][1636,400s][info][gc] GC(73) Pause Young (Normal) (G1 Evacuation Pause) 21034M->10929M(235520M) 171,654ms
[2020-09-22T23:20:45.341+0200][1645,031s][info][gc] GC(74) Pause Young (Normal) (G1 Evacuation Pause) 21585M->11585M(235520M) 186,189ms
[2020-09-22T23:20:53.366+0200][1653,056s][info][gc] GC(75) Pause Young (Normal) (G1 Evacuation Pause) 22081M->12138M(235520M) 196,020ms
[2020-09-22T23:20:59.554+0200][1659,244s][info][gc] GC(76) Pause Full (System.gc()) 19498M->5485M(235520M) 858,704ms
[2020-09-22T23:21:18.101+0200][1677,791s][info][gc] GC(77) Pause Young (Normal) (G1 Evacuation Pause) 31149M->7261M(235520M) 172,005ms
[2020-09-22T23:21:25.313+0200][1685,003s][info][gc] GC(78) Pause Young (Normal) (G1 Evacuation Pause) 17245M->7701M(235520M) 201,659ms
[2020-09-22T23:21:32.929+0200][1692,618s][info][gc] GC(79) Pause Young (Normal) (G1 Evacuation Pause) 18421M->8301M(235520M) 161,677ms
[2020-09-22T23:21:41.177+0200][1700,867s][info][gc] GC(80) Pause Young (Normal) (G1 Evacuation Pause) 18957M->8836M(235520M) 167,802ms
[2020-09-22T23:21:48.970+0200][1708,660s][info][gc] GC(81) Pause Young (Normal) (G1 Evacuation Pause) 19524M->9464M(235520M) 169,542ms
[2020-09-22T23:21:56.823+0200][1716,513s][info][gc] GC(82) Pause Young (Normal) (G1 Evacuation Pause) 20088M->9948M(235520M) 171,504ms
[2020-09-22T23:22:04.357+0200][1724,046s][info][gc] GC(83) Pause Young (Normal) (G1 Evacuation Pause) 20636M->10440M(235520M) 158,760ms
[2020-09-22T23:22:11.198+0200][1730,887s][info][gc] GC(84) Pause Young (Normal) (G1 Evacuation Pause) 21224M->10904M(235520M) 149,296ms
[2020-09-22T23:22:22.889+0200][1742,579s][info][gc] GC(85) Pause Young (Normal) (G1 Evacuation Pause) 27576M->11640M(235520M) 165,693ms
[2020-09-22T23:22:30.379+0200][1750,068s][info][gc] GC(86) Pause Young (Normal) (G1 Evacuation Pause) 21816M->12038M(235520M) 198,694ms
[2020-09-22T23:22:38.324+0200][1758,014s][info][gc] GC(87) Pause Young (Normal) (G1 Evacuation Pause) 22790M->12764M(235520M) 189,269ms
[2020-09-22T23:22:46.357+0200][1766,047s][info][gc] GC(88) Pause Young (Normal) (G1 Evacuation Pause) 23388M->13277M(235520M) 180,045ms
[2020-09-22T23:22:54.152+0200][1773,842s][info][gc] GC(89) Pause Young (Normal) (G1 Evacuation Pause) 23997M->13971M(235520M) 185,354ms
[2020-09-22T23:23:00.500+0200][1780,189s][info][gc] GC(90) Pause Full (System.gc()) 21288M->6738M(235520M) 1018,114ms
[2020-09-22T23:23:18.141+0200][1797,831s][info][gc] GC(91) Pause Young (Normal) (G1 Evacuation Pause) 31474M->8482M(235520M) 175,724ms
[2020-09-22T23:23:24.490+0200][1804,179s][info][gc] GC(92) Pause Young (Normal) (G1 Evacuation Pause) 18498M->8850M(235520M) 200,137ms
[2020-09-22T23:23:31.468+0200][1811,157s][info][gc] GC(93) Pause Young (Normal) (G1 Evacuation Pause) 19730M->9410M(235520M) 149,996ms
[2020-09-22T23:23:39.080+0200][1818,770s][info][gc] GC(94) Pause Young (Normal) (G1 Evacuation Pause) 20194M->10007M(235520M) 161,602ms
[2020-09-22T23:23:46.426+0200][1826,115s][info][gc] GC(95) Pause Young (Normal) (G1 Evacuation Pause) 20727M->10444M(235520M) 146,392ms
[2020-09-22T23:23:53.555+0200][1833,244s][info][gc] GC(96) Pause Young (Normal) (G1 Evacuation Pause) 21260M->10978M(235520M) 153,873ms
[2020-09-22T23:24:02.343+0200][1842,032s][info][gc] GC(97) Pause Young (Normal) (G1 Evacuation Pause) 26370M->11522M(235520M) 158,356ms
[2020-09-22T23:24:07.967+0200][1847,657s][info][gc] GC(98) Pause Young (Normal) (G1 Evacuation Pause) 22114M->11832M(235520M) 177,959ms
[2020-09-22T23:24:20.579+0200][1860,269s][info][gc] GC(99) Pause Young (Normal) (G1 Evacuation Pause) 34424M->12488M(235520M) 159,120ms
[2020-09-22T23:24:26.588+0200][1866,277s][info][gc] GC(100) Pause Young (Normal) (G1 Evacuation Pause) 22824M->12842M(235520M) 189,001ms
[2020-09-22T23:24:36.093+0200][1875,783s][info][gc] GC(101) Pause Young (Normal) (G1 Evacuation Pause) 28138M->13482M(235520M) 155,919ms
[2020-09-22T23:24:43.350+0200][1883,040s][info][gc] GC(102) Pause Young (Normal) (G1 Evacuation Pause) 23850M->13966M(235520M) 197,858ms
[2020-09-22T23:24:52.126+0200][1891,816s][info][gc] GC(103) Pause Young (Normal) (G1 Evacuation Pause) 27310M->14654M(235520M) 178,818ms
[2020-09-22T23:24:58.977+0200][1898,667s][info][gc] GC(104) Pause Young (Normal) (G1 Evacuation Pause) 24766M->14864M(235520M) 210,137ms
[2020-09-22T23:25:06.708+0200][1906,397s][info][gc] GC(105) Pause Young (Normal) (G1 Evacuation Pause) 25776M->15602M(235520M) 178,351ms
[2020-09-22T23:25:14.546+0200][1914,236s][info][gc] GC(106) Pause Young (Normal) (G1 Evacuation Pause) 26322M->16130M(235520M) 176,692ms
[2020-09-22T23:25:22.125+0200][1921,814s][info][gc] GC(107) Pause Young (Normal) (G1 Evacuation Pause) 26882M->16631M(235520M) 167,847ms
[2020-09-22T23:25:23.839+0200][1923,528s][info][gc] GC(108) Pause Full (System.gc()) 17335M->8088M(235520M) 1189,586ms
[2020-09-22T23:25:43.880+0200][1943,569s][info][gc] GC(109) Pause Young (Normal) (G1 Evacuation Pause) 35896M->9896M(235520M) 175,236ms
[2020-09-22T23:25:50.792+0200][1950,482s][info][gc] GC(110) Pause Young (Normal) (G1 Evacuation Pause) 19848M->10222M(235520M) 197,203ms
[2020-09-22T23:25:58.045+0200][1957,735s][info][gc] GC(111) Pause Young (Normal) (G1 Evacuation Pause) 21134M->10920M(235520M) 157,476ms
[2020-09-22T23:26:05.368+0200][1965,058s][info][gc] GC(112) Pause Young (Normal) (G1 Evacuation Pause) 21704M->11464M(235520M) 157,642ms
[2020-09-22T23:26:12.264+0200][1971,953s][info][gc] GC(113) Pause Young (Normal) (G1 Evacuation Pause) 22184M->11842M(235520M) 145,931ms
[2020-09-22T23:26:19.129+0200][1978,818s][info][gc] GC(114) Pause Young (Normal) (G1 Evacuation Pause) 22754M->12376M(235520M) 140,595ms
[2020-09-22T23:26:29.284+0200][1988,974s][info][gc] GC(115) Pause Young (Normal) (G1 Evacuation Pause) 28376M->13016M(235520M) 158,570ms
[2020-09-22T23:26:35.555+0200][1995,244s][info][gc] GC(116) Pause Young (Normal) (G1 Evacuation Pause) 23256M->13379M(235520M) 185,720ms
[2020-09-22T23:26:47.785+0200][2007,475s][info][gc] GC(117) Pause Young (Normal) (G1 Evacuation Pause) 32259M->13971M(235520M) 161,158ms
[2020-09-22T23:26:54.951+0200][2014,640s][info][gc] GC(118) Pause Young (Normal) (G1 Evacuation Pause) 24243M->14435M(235520M) 193,941ms
[2020-09-22T23:27:05.365+0200][2025,055s][info][gc] GC(119) Pause Young (Normal) (G1 Evacuation Pause) 28995M->15123M(235520M) 172,279ms
[2020-09-22T23:27:13.323+0200][2033,013s][info][gc] GC(120) Pause Young (Normal) (G1 Evacuation Pause) 25331M->15609M(235520M) 210,389ms
[2020-09-22T23:27:21.620+0200][2041,309s][info][gc] GC(121) Pause Young (Normal) (G1 Evacuation Pause) 26393M->16200M(235520M) 159,521ms
[2020-09-22T23:27:28.902+0200][2048,592s][info][gc] GC(122) Pause Young (Normal) (G1 Evacuation Pause) 27080M->16737M(235520M) 148,823ms
[2020-09-22T23:27:41.467+0200][2061,156s][info][gc] GC(123) Pause Young (Normal) (G1 Evacuation Pause) 34977M->17425M(235520M) 161,673ms
[2020-09-22T23:27:47.977+0200][2067,666s][info][gc] GC(124) Pause Full (System.gc()) 24689M->9425M(235520M) 1367,850ms
[2020-09-22T23:28:15.583+0200][2095,272s][info][gc] GC(125) Pause Young (Normal) (G1 Evacuation Pause) 51281M->11393M(235520M) 200,389ms
[2020-09-22T23:28:21.735+0200][2101,425s][info][gc] GC(126) Pause Young (Normal) (G1 Evacuation Pause) 21185M->11553M(235520M) 195,648ms
[2020-09-22T23:28:30.993+0200][2110,683s][info][gc] GC(127) Pause Young (Normal) (G1 Evacuation Pause) 25281M->12113M(235520M) 129,721ms
[2020-09-22T23:28:37.951+0200][2117,641s][info][gc] GC(128) Pause Young (Normal) (G1 Evacuation Pause) 22641M->12444M(235520M) 153,391ms
[2020-09-22T23:28:50.404+0200][2130,093s][info][gc] GC(129) Pause Young (Normal) (G1 Evacuation Pause) 32956M->13147M(235520M) 151,467ms
[2020-09-22T23:28:58.044+0200][2137,734s][info][gc] GC(130) Pause Young (Normal) (G1 Evacuation Pause) 23419M->13636M(235520M) 194,691ms
[2020-09-22T23:29:10.165+0200][2149,854s][info][gc] GC(131) Pause Young (Normal) (G1 Evacuation Pause) 31780M->14276M(235520M) 163,305ms
[2020-09-22T23:29:17.260+0200][2156,949s][info][gc] GC(132) Pause Young (Normal) (G1 Evacuation Pause) 24484M->14673M(235520M) 191,608ms
[2020-09-22T23:29:28.991+0200][2168,681s][info][gc] GC(133) Pause Young (Normal) (G1 Evacuation Pause) 32721M->15313M(235520M) 161,922ms
[2020-09-22T23:29:36.023+0200][2175,713s][info][gc] GC(134) Pause Young (Normal) (G1 Evacuation Pause) 25617M->15621M(235520M) 183,885ms
[2020-09-22T23:29:51.241+0200][2190,930s][info][gc] GC(135) Pause Young (Normal) (G1 Evacuation Pause) 39269M->16309M(235520M) 157,233ms
[2020-09-22T23:29:57.990+0200][2197,679s][info][gc] GC(136) Pause Young (Normal) (G1 Evacuation Pause) 28565M->16732M(235520M) 187,262ms
[2020-09-22T23:30:08.820+0200][2208,510s][info][gc] GC(137) Pause Full (System.gc()) 30316M->10598M(235520M) 1530,578ms
[2020-09-22T23:30:40.933+0200][2240,623s][info][gc] GC(138) Pause Young (Normal) (G1 Evacuation Pause) 59462M->12581M(235520M) 197,927ms
[2020-09-22T23:30:47.633+0200][2247,322s][info][gc] GC(139) Pause Young (Normal) (G1 Evacuation Pause) 22373M->12888M(235520M) 207,478ms
[2020-09-22T23:30:57.247+0200][2256,937s][info][gc] GC(140) Pause Young (Normal) (G1 Evacuation Pause) 27224M->13480M(235520M) 142,841ms
[2020-09-22T23:31:04.239+0200][2263,929s][info][gc] GC(141) Pause Young (Normal) (G1 Evacuation Pause) 23944M->13766M(235520M) 159,350ms
[2020-09-22T23:31:15.835+0200][2275,525s][info][gc] GC(142) Pause Young (Normal) (G1 Evacuation Pause) 30854M->14310M(235520M) 137,764ms
[2020-09-22T23:31:22.852+0200][2282,542s][info][gc] GC(143) Pause Young (Normal) (G1 Evacuation Pause) 25446M->14680M(235520M) 161,854ms
[2020-09-22T23:31:40.785+0200][2300,475s][info][gc] GC(144) Pause Young (Normal) (G1 Evacuation Pause) 40920M->15495M(235520M) 160,874ms
[2020-09-22T23:31:48.523+0200][2308,213s][info][gc] GC(145) Pause Young (Normal) (G1 Evacuation Pause) 25703M->15877M(235520M) 192,209ms
[2020-09-22T23:32:05.275+0200][2324,965s][info][gc] GC(146) Pause Young (Normal) (GCLocker Initiated GC) 37685M->16677M(235520M) 165,241ms
[2020-09-22T23:32:12.615+0200][2332,305s][info][gc] GC(147) Pause Young (Normal) (G1 Evacuation Pause) 26821M->17104M(235520M) 203,406ms
[2020-09-22T23:32:27.815+0200][2347,504s][info][gc] GC(148) Pause Young (Normal) (G1 Evacuation Pause) 37520M->17792M(235520M) 161,626ms
[2020-09-22T23:32:32.740+0200][2352,430s][info][gc] GC(149) Pause Full (System.gc()) 21840M->11830M(235520M) 1658,663ms
[2020-09-22T23:33:05.563+0200][2385,253s][info][gc] GC(150) Pause Young (Normal) (G1 Evacuation Pause) 57142M->13654M(235520M) 182,801ms
[2020-09-22T23:33:12.771+0200][2392,461s][info][gc] GC(151) Pause Young (Normal) (G1 Evacuation Pause) 23606M->13947M(235520M) 198,711ms
[2020-09-22T23:33:23.649+0200][2403,338s][info][gc] GC(152) Pause Young (Normal) (G1 Evacuation Pause) 29819M->14475M(235520M) 128,442ms
[2020-09-22T23:33:30.410+0200][2410,099s][info][gc] GC(153) Pause Young (Normal) (G1 Evacuation Pause) 25003M->14838M(235520M) 156,658ms
[2020-09-22T23:33:47.579+0200][2427,268s][info][gc] GC(154) Pause Young (Normal) (G1 Evacuation Pause) 38326M->15526M(235520M) 142,430ms
[2020-09-22T23:33:56.028+0200][2435,717s][info][gc] GC(155) Pause Young (Normal) (G1 Evacuation Pause) 27558M->15910M(235520M) 175,142ms
[2020-09-22T23:34:13.023+0200][2452,713s][info][gc] GC(156) Pause Young (Normal) (G1 Evacuation Pause) 38918M->16646M(235520M) 157,221ms
[2020-09-22T23:34:20.759+0200][2460,449s][info][gc] GC(157) Pause Young (Normal) (G1 Evacuation Pause) 26886M->17050M(235520M) 183,452ms
[2020-09-22T23:34:28.998+0200][2468,688s][info][gc] GC(158) Pause Young (Normal) (G1 Evacuation Pause) 29562M->17498M(235520M) 139,138ms
[2020-09-22T23:34:36.801+0200][2476,490s][info][gc] GC(159) Pause Young (Normal) (G1 Evacuation Pause) 28762M->17846M(235520M) 167,351ms
[2020-09-22T23:34:44.444+0200][2484,133s][info][gc] GC(160) Pause Young (Normal) (G1 Evacuation Pause) 28822M->18084M(235520M) 152,697ms
[2020-09-22T23:34:49.551+0200][2489,241s][info][gc] GC(161) Pause Full (System.gc()) 23540M->12956M(235520M) 1805,874ms
[2020-09-22T23:35:03.541+0200][2503,230s][info][gc] GC(162) Pause Young (Normal) (G1 Evacuation Pause) 32124M->13980M(235520M) 101,964ms
[2020-09-22T23:35:12.440+0200][2512,130s][info][gc] GC(163) Pause Young (Normal) (G1 Evacuation Pause) 26332M->14469M(235520M) 149,816ms
[2020-09-22T23:35:23.625+0200][2523,314s][info][gc] GC(164) Pause Young (Normal) (G1 Evacuation Pause) 28549M->14997M(235520M) 138,161ms
[2020-09-22T23:35:32.553+0200][2532,243s][info][gc] GC(165) Pause Young (Normal) (G1 Evacuation Pause) 25397M->15312M(235520M) 155,779ms
[2020-09-22T23:35:49.676+0200][2549,366s][info][gc] GC(166) Pause Young (Normal) (G1 Evacuation Pause) 35248M->16160M(235520M) 165,801ms
[2020-09-22T23:35:59.251+0200][2558,941s][info][gc] GC(167) Pause Young (Normal) (G1 Evacuation Pause) 26304M->16653M(235520M) 200,657ms
[2020-09-22T23:36:14.870+0200][2574,559s][info][gc] GC(168) Pause Young (Normal) (G1 Evacuation Pause) 33165M->17389M(235520M) 167,701ms
[2020-09-22T23:36:24.240+0200][2583,929s][info][gc] GC(169) Pause Young (Normal) (G1 Evacuation Pause) 27533M->17898M(235520M) 202,603ms
[2020-09-22T23:36:34.938+0200][2594,628s][info][gc] GC(170) Pause Young (Normal) (G1 Evacuation Pause) 30858M->18426M(235520M) 155,287ms
[2020-09-22T23:36:44.225+0200][2603,915s][info][gc] GC(171) Pause Young (Normal) (G1 Evacuation Pause) 28730M->18835M(235520M) 198,250ms
[2020-09-22T23:36:57.185+0200][2616,875s][info][gc] GC(172) Pause Young (Normal) (G1 Evacuation Pause) 33811M->19555M(235520M) 155,479ms
[2020-09-22T23:37:05.276+0200][2624,966s][info][gc] GC(173) Pause Young (Normal) (G1 Evacuation Pause) 29795M->19928M(235520M) 199,779ms
[2020-09-22T23:37:10.868+0200][2630,558s][info][gc] GC(174) Pause Full (System.gc()) 23832M->14288M(235520M) 1961,853ms
[2020-09-22T23:37:45.393+0200][2665,082s][info][gc] GC(175) Pause Young (Normal) (G1 Evacuation Pause) 56240M->16208M(235520M) 185,794ms
[2020-09-22T23:37:54.895+0200][2674,585s][info][gc] GC(176) Pause Young (Normal) (G1 Evacuation Pause) 26064M->16580M(235520M) 200,370ms
[2020-09-22T23:38:06.660+0200][2686,350s][info][gc] GC(177) Pause Young (Normal) (G1 Evacuation Pause) 29316M->17108M(235520M) 131,442ms
[2020-09-22T23:38:15.429+0200][2695,118s][info][gc] GC(178) Pause Young (Normal) (G1 Evacuation Pause) 27572M->17478M(235520M) 159,639ms
[2020-09-22T23:38:29.205+0200][2708,894s][info][gc] GC(179) Pause Young (Normal) (G1 Evacuation Pause) 33382M->18133M(235520M) 145,790ms
[2020-09-22T23:38:37.837+0200][2717,527s][info][gc] GC(180) Pause Young (Normal) (G1 Evacuation Pause) 28501M->18507M(235520M) 174,691ms
[2020-09-22T23:38:56.813+0200][2736,502s][info][gc] GC(181) Pause Young (Normal) (G1 Evacuation Pause) 40171M->19387M(235520M) 173,624ms
[2020-09-22T23:39:06.084+0200][2745,773s][info][gc] GC(182) Pause Young (Normal) (G1 Evacuation Pause) 29499M->19688M(235520M) 193,572ms
[2020-09-22T23:39:21.163+0200][2760,853s][info][gc] GC(183) Pause Full (System.gc()) 33896M->15443M(235520M) 2139,425ms
[2020-09-22T23:40:03.634+0200][2803,324s][info][gc] GC(184) Pause Young (Normal) (G1 Evacuation Pause) 63795M->17411M(235520M) 186,693ms
[2020-09-22T23:40:13.246+0200][2812,935s][info][gc] GC(185) Pause Young (Normal) (G1 Evacuation Pause) 27203M->17825M(235520M) 209,048ms
[2020-09-22T23:40:25.900+0200][2825,590s][info][gc] GC(186) Pause Young (Normal) (G1 Evacuation Pause) 31713M->18305M(235520M) 145,320ms
[2020-09-22T23:40:35.716+0200][2835,406s][info][gc] GC(187) Pause Young (Normal) (G1 Evacuation Pause) 28801M->18646M(235520M) 157,043ms
[2020-09-22T23:40:56.975+0200][2856,664s][info][gc] GC(188) Pause Young (Normal) (G1 Evacuation Pause) 41910M->19589M(235520M) 164,122ms
[2020-09-22T23:41:06.307+0200][2865,996s][info][gc] GC(189) Pause Young (Normal) (G1 Evacuation Pause) 29701M->19881M(235520M) 184,430ms
[2020-09-22T23:41:32.313+0200][2892,003s][info][gc] GC(190) Pause Full (System.gc()) 48217M->16713M(235520M) 2229,243ms
[2020-09-22T23:41:34.167+0200][2893,856s][info][gc] GC(191) Pause Full (System.gc()) 17881M->16893M(235520M) 1542,195ms
[2020-09-22T23:41:35.807+0200][2895,497s][info][gc] GC(192) Pause Full (System.gc()) 17373M->16764M(235520M) 1519,130ms
[2020-09-22T23:41:36.048+0200][2895,738s][info][gc] GC(193) Pause Young (Normal) (GCLocker Initiated GC) 17452M->17100M(235520M) 43,939ms
[2020-09-22T23:41:36.281+0200][2895,970s][info][gc] GC(194) Pause Young (Normal) (GCLocker Initiated GC) 17720M->17084M(235520M) 62,553ms
[2020-09-22T23:41:36.499+0200][2896,188s][info][gc] GC(195) Pause Young (Normal) (GCLocker Initiated GC) 17684M->17058M(235520M) 60,611ms
[2020-09-22T23:41:36.812+0200][2896,502s][info][gc] GC(196) Pause Young (Normal) (GCLocker Initiated GC) 17970M->17404M(235520M) 57,082ms
[2020-09-22T23:41:38.291+0200][2897,981s][info][gc] GC(197) Pause Full (System.gc()) 17692M->16932M(235520M) 1385,978ms
[2020-09-22T23:41:38.462+0200][2898,151s][info][gc] GC(198) Pause Young (Normal) (GCLocker Initiated GC) 17396M->17188M(235520M) 37,954ms
[2020-09-22T23:41:38.672+0200][2898,362s][info][gc] GC(199) Pause Young (Normal) (GCLocker Initiated GC) 17764M->17289M(235520M) 54,130ms
[2020-09-22T23:41:38.886+0200][2898,576s][info][gc] GC(200) Pause Young (Normal) (GCLocker Initiated GC) 17865M->17296M(235520M) 58,248ms
[2020-09-22T23:41:39.100+0200][2898,789s][info][gc] GC(201) Pause Young (Normal) (GCLocker Initiated GC) 17872M->17316M(235520M) 59,952ms
[2020-09-22T23:41:39.339+0200][2899,029s][info][gc] GC(202) Pause Young (Normal) (GCLocker Initiated GC) 17956M->17335M(235520M) 69,766ms
[2020-09-22T23:41:40.806+0200][2900,495s][info][gc] GC(203) Pause Full (System.gc()) 17735M->16912M(235520M) 1365,735ms
[2020-09-22T23:41:41.003+0200][2900,693s][info][gc] GC(204) Pause Young (Normal) (GCLocker Initiated GC) 17456M->17220M(235520M) 45,658ms
[2020-09-22T23:41:41.224+0200][2900,914s][info][gc] GC(205) Pause Young (Normal) (GCLocker Initiated GC) 17812M->17324M(235520M) 69,135ms
[2020-09-22T23:41:41.450+0200][2901,140s][info][gc] GC(206) Pause Young (Normal) (GCLocker Initiated GC) 17948M->17356M(235520M) 69,404ms
[2020-09-22T23:41:42.882+0200][2902,571s][info][gc] GC(207) Pause Full (System.gc()) 17660M->16921M(235520M) 1348,787ms
[2020-09-22T23:41:43.041+0200][2902,731s][info][gc] GC(208) Pause Young (Normal) (GCLocker Initiated GC) 17337M->17176M(235520M) 34,270ms
[2020-09-22T23:41:44.526+0200][2904,215s][info][gc] GC(209) Pause Full (System.gc()) 17752M->16901M(235520M) 1317,995ms
[2020-09-22T23:41:44.720+0200][2904,409s][info][gc] GC(210) Pause Young (Normal) (GCLocker Initiated GC) 17429M->17189M(235520M) 44,960ms
[2020-09-22T23:41:44.946+0200][2904,635s][info][gc] GC(211) Pause Young (Normal) (GCLocker Initiated GC) 17813M->17290M(235520M) 67,799ms
[2020-09-22T23:41:45.146+0200][2904,835s][info][gc] GC(212) Pause Young (Normal) (GCLocker Initiated GC) 17834M->17285M(235520M) 63,567ms
[2020-09-22T23:41:45.621+0200][2905,311s][info][gc] GC(213) Pause Young (Normal) (GCLocker Initiated GC) 18309M->17907M(235520M) 66,130ms
[2020-09-22T23:41:45.806+0200][2905,495s][info][gc] GC(214) Pause Young (Normal) (GCLocker Initiated GC) 18403M->17939M(235520M) 70,248ms
[2020-09-22T23:41:47.227+0200][2906,916s][info][gc] GC(215) Pause Full (System.gc()) 18131M->17157M(235520M) 1360,801ms
[2020-09-22T23:41:47.424+0200][2907,113s][info][gc] GC(216) Pause Young (Normal) (GCLocker Initiated GC) 17749M->17477M(235520M) 46,651ms
[2020-09-22T23:41:47.589+0200][2907,279s][info][gc] GC(217) Pause Young (Normal) (GCLocker Initiated GC) 17893M->17585M(235520M) 65,637ms
[2020-09-22T23:41:48.937+0200][2908,627s][info][gc] GC(218) Pause Full (System.gc()) 17857M->17141M(235520M) 1281,769ms
[2020-09-22T23:41:49.134+0200][2908,824s][info][gc] GC(219) Pause Young (Normal) (GCLocker Initiated GC) 17733M->17469M(235520M) 47,755ms
[2020-09-22T23:41:49.305+0200][2908,995s][info][gc] GC(220) Pause Young (Normal) (GCLocker Initiated GC) 17901M->17581M(235520M) 66,931ms
[2020-09-22T23:41:50.646+0200][2910,336s][info][gc] GC(221) Pause Full (System.gc()) 17757M->17131M(235520M) 1289,600ms
[2020-09-22T23:41:50.856+0200][2910,545s][info][gc] GC(222) Pause Young (Normal) (GCLocker Initiated GC) 17739M->17483M(235520M) 51,693ms
[2020-09-22T23:41:52.245+0200][2911,934s][info][gc] GC(223) Pause Full (System.gc()) 17899M->17190M(235520M) 1284,419ms
[2020-09-22T23:41:52.454+0200][2912,143s][info][gc] GC(224) Pause Young (Normal) (GCLocker Initiated GC) 17814M->17528M(235520M) 50,991ms
[2020-09-22T23:41:53.765+0200][2913,455s][info][gc] GC(225) Pause Full (System.gc()) 17740M->17168M(235520M) 1253,343ms
[2020-09-22T23:41:55.137+0200][2914,826s][info][gc] GC(226) Pause Full (System.gc()) 17568M->17179M(235520M) 1270,509ms
[2020-09-22T23:41:55.336+0200][2915,025s][info][gc] GC(227) Pause Young (Normal) (GCLocker Initiated GC) 17803M->17505M(235520M) 48,374ms
[2020-09-22T23:41:55.445+0200][2915,135s][info][gc] GC(228) Pause Young (Normal) (GCLocker Initiated GC) 17729M->17527M(235520M) 50,732ms
[2020-09-22T23:41:56.812+0200][2916,502s][info][gc] GC(229) Pause Full (System.gc()) 17959M->17189M(235520M) 1257,792ms
[2020-09-22T23:41:56.999+0200][2916,689s][info][gc] GC(230) Pause Young (Normal) (GCLocker Initiated GC) 17733M->17477M(235520M) 42,574ms
[2020-09-22T23:41:58.338+0200][2918,027s][info][gc] GC(231) Pause Full (System.gc()) 17765M->17148M(235520M) 1266,692ms
[2020-09-22T23:41:58.535+0200][2918,224s][info][gc] GC(232) Pause Young (Normal) (GCLocker Initiated GC) 17740M->17467M(235520M) 46,998ms
[2020-09-22T23:41:58.682+0200][2918,372s][info][gc] GC(233) Pause Young (Normal) (GCLocker Initiated GC) 17819M->17559M(235520M) 61,675ms
[2020-09-22T23:42:00.060+0200][2919,750s][info][gc] GC(234) Pause Full (System.gc()) 17991M->17248M(235520M) 1274,576ms
[2020-09-22T23:42:00.226+0200][2919,915s][info][gc] GC(235) Pause Young (Normal) (GCLocker Initiated GC) 17744M->17504M(235520M) 40,199ms
[2020-09-22T23:42:00.361+0200][2920,051s][info][gc] GC(236) Pause Young (Normal) (GCLocker Initiated GC) 17856M->17577M(235520M) 51,579ms
[2020-09-22T23:42:01.735+0200][2921,425s][info][gc] GC(237) Pause Full (System.gc()) 17881M->17188M(235520M) 1295,349ms
[2020-09-22T23:42:01.947+0200][2921,637s][info][gc] GC(238) Pause Young (Normal) (GCLocker Initiated GC) 17796M->17514M(235520M) 52,592ms
[2020-09-22T23:42:02.063+0200][2921,753s][info][gc] GC(239) Pause Young (Normal) (GCLocker Initiated GC) 17770M->17546M(235520M) 52,856ms
[2020-09-22T23:42:03.427+0200][2923,116s][info][gc] GC(240) Pause Full (System.gc()) 17978M->17208M(235520M) 1259,978ms
[2020-09-22T23:42:03.616+0200][2923,306s][info][gc] GC(241) Pause Young (Normal) (GCLocker Initiated GC) 17736M->17515M(235520M) 47,126ms
[2020-09-22T23:42:03.711+0200][2923,401s][info][gc] GC(242) Pause Young (Normal) (GCLocker Initiated GC) 17691M->17533M(235520M) 46,098ms
[2020-09-22T23:42:03.930+0200][2923,619s][info][gc] GC(243) Pause Young (Normal) (GCLocker Initiated GC) 18109M->17576M(235520M) 56,383ms
[2020-09-22T23:42:04.118+0200][2923,808s][info][gc] GC(244) Pause Young (Normal) (GCLocker Initiated GC) 18104M->17590M(235520M) 64,353ms
[2020-09-22T23:42:05.442+0200][2925,131s][info][gc] GC(245) Pause Full (System.gc()) 17814M->17200M(235520M) 1254,686ms
[2020-09-22T23:42:05.624+0200][2925,313s][info][gc] GC(246) Pause Young (Normal) (GCLocker Initiated GC) 17744M->17500M(235520M) 43,192ms
[2020-09-22T23:42:05.784+0200][2925,474s][info][gc] GC(247) Pause Young (Normal) (GCLocker Initiated GC) 17900M->17605M(235520M) 61,261ms
[2020-09-22T23:42:07.094+0200][2926,784s][info][gc] GC(248) Pause Full (System.gc()) 17861M->17191M(235520M) 1245,785ms
[2020-09-22T23:42:08.481+0200][2928,170s][info][gc] GC(249) Pause Full (System.gc()) 17655M->17241M(235520M) 1278,393ms
[2020-09-22T23:42:09.786+0200][2929,476s][info][gc] GC(250) Pause Full (System.gc()) 17465M->17185M(235520M) 1242,652ms
[2020-09-22T23:42:09.980+0200][2929,670s][info][gc] GC(251) Pause Young (Normal) (GCLocker Initiated GC) 17761M->17486M(235520M) 45,196ms
[2020-09-22T23:42:11.305+0200][2930,995s][info][gc] GC(252) Pause Full (System.gc()) 17822M->17184M(235520M) 1241,204ms
[2020-09-22T23:42:11.492+0200][2931,182s][info][gc] GC(253) Pause Young (Normal) (GCLocker Initiated GC) 17744M->17478M(235520M) 43,428ms
[2020-09-22T23:42:12.841+0200][2932,530s][info][gc] GC(254) Pause Full (System.gc()) 17894M->17209M(235520M) 1249,143ms
[2020-09-22T23:42:13.024+0200][2932,714s][info][gc] GC(255) Pause Young (Normal) (GCLocker Initiated GC) 17737M->17497M(235520M) 43,064ms
[2020-09-22T23:42:14.321+0200][2934,010s][info][gc] GC(256) Pause Full (System.gc()) 17753M->17175M(235520M) 1227,931ms
[2020-09-22T23:42:14.519+0200][2934,208s][info][gc] GC(257) Pause Young (Normal) (GCLocker Initiated GC) 17783M->17493M(235520M) 48,454ms
[2020-09-22T23:42:14.697+0200][2934,386s][info][gc] GC(258) Pause Young (Normal) (GCLocker Initiated GC) 17957M->17618M(235520M) 67,760ms
[2020-09-22T23:42:15.981+0200][2935,671s][info][gc] GC(259) Pause Full (System.gc()) 17810M->17183M(235520M) 1227,126ms
[2020-09-22T23:42:16.172+0200][2935,861s][info][gc] GC(260) Pause Young (Normal) (GCLocker Initiated GC) 17759M->17518M(235520M) 48,725ms
[2020-09-22T23:42:16.368+0200][2936,058s][info][gc] GC(261) Pause Young (Normal) (GCLocker Initiated GC) 18046M->17642M(235520M) 78,311ms
[2020-09-22T23:42:16.507+0200][2936,197s][info][gc] GC(262) Pause Young (Normal) (GCLocker Initiated GC) 17834M->17663M(235520M) 73,602ms
[2020-09-22T23:42:17.858+0200][2937,547s][info][gc] GC(263) Pause Full (System.gc()) 18063M->17218M(235520M) 1253,347ms
[2020-09-22T23:42:19.224+0200][2938,914s][info][gc] GC(264) Pause Full (System.gc()) 17698M->17215M(235520M) 1244,297ms
[2020-09-22T23:42:19.343+0200][2939,032s][info][gc] GC(265) Pause Young (Normal) (GCLocker Initiated GC) 17567M->17400M(235520M) 25,490ms
[2020-09-22T23:42:19.496+0200][2939,185s][info][gc] GC(266) Pause Young (Normal) (GCLocker Initiated GC) 17800M->17495M(235520M) 47,591ms
[2020-09-22T23:42:20.819+0200][2940,509s][info][gc] GC(267) Pause Full (System.gc()) 17751M->17172M(235520M) 1249,106ms
[2020-09-22T23:42:21.004+0200][2940,694s][info][gc] GC(268) Pause Young (Normal) (GCLocker Initiated GC) 17716M->17460M(235520M) 45,510ms
[2020-09-22T23:42:22.344+0200][2942,034s][info][gc] GC(269) Pause Full (System.gc()) 17908M->17148M(235520M) 1228,453ms
[2020-09-22T23:42:23.655+0200][2943,345s][info][gc] GC(270) Pause Full (System.gc()) 17180M->17081M(235520M) 1268,632ms
[2020-09-22T23:42:36.647+0200][2956,336s][info][gc] GC(271) Pause Young (Normal) (G1 Evacuation Pause) 28921M->17625M(235520M) 47,795ms
[2020-09-22T23:42:51.123+0200][2970,813s][info][gc] GC(272) Pause Young (Normal) (G1 Evacuation Pause) 28857M->17761M(235520M) 55,318ms
[2020-09-22T23:43:09.144+0200][2988,833s][info][gc] GC(273) Pause Young (Normal) (G1 Evacuation Pause) 31169M->18009M(235520M) 77,329ms
[2020-09-22T23:43:29.220+0200][3008,909s][info][gc] GC(274) Pause Young (Normal) (G1 Evacuation Pause) 33913M->18261M(235520M) 96,302ms
[2020-09-22T23:43:50.260+0200][3029,950s][info][gc] GC(275) Pause Young (Normal) (G1 Evacuation Pause) 35093M->18476M(235520M) 100,253ms
[2020-09-22T23:44:16.934+0200][3056,623s][info][gc] GC(276) Pause Young (Normal) (G1 Evacuation Pause) 40588M->18820M(235520M) 105,826ms
[2020-09-22T23:44:31.994+0200][3071,683s][info][gc] GC(277) Pause Full (System.gc()) 31972M->18832M(235520M) 1417,947ms
[2020-09-22T23:44:52.486+0200][3092,176s][info][gc] GC(278) Pause Young (Normal) (G1 Evacuation Pause) 43632M->19184M(235520M) 40,982ms
[2020-09-22T23:45:14.249+0200][3113,938s][info][gc] GC(279) Pause Young (Normal) (G1 Evacuation Pause) 43888M->19297M(235520M) 47,058ms
[2020-09-22T23:45:35.710+0200][3135,399s][info][gc] GC(280) Pause Young (Normal) (G1 Evacuation Pause) 45505M->19360M(235520M) 49,914ms
[2020-09-22T23:45:59.116+0200][3158,805s][info][gc] GC(281) Pause Full (System.gc()) 46044M->19236M(235520M) 1413,051ms
[2020-09-22T23:46:22.904+0200][3182,593s][info][gc] GC(282) Pause Young (Normal) (G1 Evacuation Pause) 48548M->19604M(235520M) 46,202ms
[2020-09-22T23:46:45.307+0200][3204,996s][info][gc] GC(283) Pause Young (Normal) (G1 Evacuation Pause) 48276M->19666M(235520M) 47,472ms
[2020-09-22T23:47:09.474+0200][3229,163s][info][gc] GC(284) Pause Young (Normal) (G1 Evacuation Pause) 50258M->19738M(235520M) 51,927ms
[2020-09-22T23:47:15.401+0200][3235,091s][info][gc] GC(285) Pause Full (System.gc()) 25546M->19502M(235520M) 1362,565ms
[2020-09-22T23:47:41.180+0200][3260,869s][info][gc] GC(286) Pause Young (Normal) (G1 Evacuation Pause) 55406M->19744M(235520M) 32,556ms
[2020-09-22T23:48:10.205+0200][3289,894s][info][gc] GC(287) Pause Young (Normal) (G1 Evacuation Pause) 56128M->19854M(235520M) 37,826ms
[2020-09-22T23:48:30.539+0200][3310,229s][info][gc] GC(288) Pause Young (Normal) (GCLocker Initiated GC) 45479M->19898M(235520M) 39,865ms
[2020-09-22T23:49:11.899+0200][3351,589s][info][gc] GC(289) Pause Young (Normal) (G1 Evacuation Pause) 67066M->20136M(235520M) 59,207ms
[2020-09-22T23:49:58.201+0200][3397,891s][info][gc] GC(290) Pause Full (System.gc()) 68536M->20197M(235520M) 1441,015ms
[2020-09-22T23:50:49.039+0200][3448,728s][info][gc] GC(291) Pause Young (Normal) (G1 Evacuation Pause) 78853M->20565M(235520M) 42,370ms
[2020-09-22T23:51:18.728+0200][3478,417s][info][gc] GC(292) Pause Young (Normal) (GCLocker Initiated GC) 52757M->20698M(235520M) 47,631ms
[2020-09-22T23:52:25.173+0200][3544,863s][info][gc] GC(293) Pause Young (Normal) (G1 Evacuation Pause) 90842M->21120M(235520M) 79,174ms
[2020-09-22T23:52:46.374+0200][3566,064s][info][gc] GC(294) Pause Young (Normal) (GCLocker Initiated GC) 43488M->21161M(235520M) 76,237ms
[2020-09-22T23:53:54.822+0200][3634,512s][info][gc] GC(295) Pause Young (Normal) (G1 Evacuation Pause) 95145M->21532M(235520M) 114,361ms
[2020-09-22T23:54:13.182+0200][3652,871s][info][gc] GC(296) Pause Full (System.gc()) 39884M->21369M(235520M) 1512,853ms
[2020-09-22T23:55:39.044+0200][3738,734s][info][gc] GC(297) Pause Full (System.gc()) 113849M->21714M(235520M) 1511,361ms
[2020-09-22T23:57:00.972+0200][3820,662s][info][gc] GC(298) Pause Full (System.gc()) 114130M->22018M(235520M) 1424,132ms
[2020-09-22T23:58:18.304+0200][3897,994s][info][gc] GC(299) Pause Full (System.gc()) 121234M->22357M(235520M) 1480,531ms
[2020-09-22T23:59:38.582+0200][3978,272s][info][gc] GC(300) Pause Full (System.gc()) 114725M->22646M(235520M) 1493,588ms
[2020-09-23T00:00:59.645+0200][4059,334s][info][gc] GC(301) Pause Full (System.gc()) 111222M->22942M(235520M) 1447,358ms
[2020-09-23T00:02:17.379+0200][4137,068s][info][gc] GC(302) Pause Full (System.gc()) 110479M->23145M(235520M) 1490,774ms
[2020-09-23T00:03:39.051+0200][4218,741s][info][gc] GC(303) Pause Full (System.gc()) 111785M->23512M(235520M) 1483,666ms
[2020-09-23T00:04:57.218+0200][4296,908s][info][gc] GC(304) Pause Full (System.gc()) 110440M->23774M(235520M) 1501,461ms
[2020-09-23T00:06:14.456+0200][4374,146s][info][gc] GC(305) Pause Full (System.gc()) 111006M->23979M(235520M) 1449,694ms
[2020-09-23T00:07:30.912+0200][4450,602s][info][gc] GC(306) Pause Full (System.gc()) 112107M->24289M(235520M) 1466,257ms
[2020-09-23T00:08:48.670+0200][4528,359s][info][gc] GC(307) Pause Full (System.gc()) 112785M->24538M(235520M) 1487,611ms
[2020-09-23T00:10:08.114+0200][4607,803s][info][gc] GC(308) Pause Full (System.gc()) 112586M->24808M(235520M) 1465,209ms
[2020-09-23T00:11:30.019+0200][4689,709s][info][gc] GC(309) Pause Full (System.gc()) 113192M->25055M(235520M) 1463,318ms
[2020-09-23T00:12:50.163+0200][4769,852s][info][gc] GC(310) Pause Full (System.gc()) 114655M->25454M(235520M) 1461,282ms
[2020-09-23T00:14:10.022+0200][4849,711s][info][gc] GC(311) Pause Full (System.gc()) 113902M->25769M(235520M) 1517,892ms
[2020-09-23T00:15:30.421+0200][4930,110s][info][gc] GC(312) Pause Full (System.gc()) 113609M->26058M(235520M) 1462,636ms
[2020-09-23T00:16:52.798+0200][5012,488s][info][gc] GC(313) Pause Full (System.gc()) 114496M->26416M(235520M) 1488,257ms
[2020-09-23T00:18:20.091+0200][5099,780s][info][gc] GC(314) Pause Full (System.gc()) 115728M->26836M(235520M) 1482,386ms
[2020-09-23T00:19:42.125+0200][5181,815s][info][gc] GC(315) Pause Full (System.gc()) 116356M->27214M(235520M) 1477,531ms
[2020-09-23T00:21:06.820+0200][5266,510s][info][gc] GC(316) Pause Young (Normal) (GCLocker Initiated GC) 117822M->27890M(235520M) 68,496ms
[2020-09-23T00:22:29.235+0200][5348,925s][info][gc] GC(317) Pause Young (Normal) (GCLocker Initiated GC) 117890M->28326M(235520M) 93,008ms
[2020-09-23T00:23:50.870+0200][5430,560s][info][gc] GC(318) Pause Full (System.gc()) 116678M->28429M(235520M) 1488,875ms
[2020-09-23T00:25:12.828+0200][5512,518s][info][gc] GC(319) Pause Young (Normal) (GCLocker Initiated GC) 117165M->29190M(235520M) 78,564ms
[2020-09-23T00:27:52.368+0200][5672,058s][info][gc] GC(320) Pause Young (Normal) (G1 Evacuation Pause) 133830M->30936M(235520M) 187,397ms
[2020-09-23T00:29:50.398+0200][5790,087s][info][gc] GC(321) Pause Young (Normal) (G1 Evacuation Pause) 107352M->32047M(235520M) 251,626ms
[2020-09-23T00:30:01.055+0200][5800,745s][info][gc] GC(322) Pause Young (Normal) (G1 Evacuation Pause) 40271M->32114M(235520M) 340,032ms
[2020-09-23T00:30:50.752+0200][5850,441s][info][gc] GC(323) Pause Young (Normal) (G1 Evacuation Pause) 78002M->32631M(235520M) 79,625ms
[2020-09-23T00:31:24.722+0200][5884,412s][info][gc] GC(324) Pause Young (Normal) (G1 Evacuation Pause) 73559M->32848M(235520M) 85,803ms
[2020-09-23T00:31:59.279+0200][5918,968s][info][gc] GC(325) Pause Young (Normal) (GCLocker Initiated GC) 79392M->33047M(235520M) 95,511ms
[2020-09-23T00:32:44.690+0200][5964,380s][info][gc] GC(326) Pause Young (Normal) (GCLocker Initiated GC) 86567M->33433M(235520M) 121,713ms
[2020-09-23T00:33:43.351+0200][6023,041s][info][gc] GC(327) Pause Young (Normal) (G1 Evacuation Pause) 87609M->34005M(235520M) 160,809ms
[2020-09-23T00:34:29.732+0200][6069,421s][info][gc] GC(328) Pause Young (Normal) (G1 Evacuation Pause) 77333M->34390M(235520M) 184,890ms
[2020-09-23T00:34:58.664+0200][6098,353s][info][gc] GC(329) Pause Young (Normal) (G1 Evacuation Pause) 65622M->34608M(235520M) 208,113ms
[2020-09-23T00:35:28.624+0200][6128,314s][info][gc] GC(330) Pause Young (Normal) (G1 Evacuation Pause) 63056M->34927M(235520M) 191,783ms
[2020-09-23T00:35:58.535+0200][6158,224s][info][gc] GC(331) Pause Young (Normal) (G1 Evacuation Pause) 63471M->35198M(235520M) 180,266ms
[2020-09-23T00:36:32.083+0200][6191,773s][info][gc] GC(332) Pause Young (Normal) (G1 Evacuation Pause) 63934M->35489M(235520M) 158,800ms
[2020-09-23T00:36:48.792+0200][6208,482s][info][gc] GC(333) Pause Full (System.gc()) 49377M->35073M(235520M) 1845,016ms
[2020-09-23T00:37:26.375+0200][6246,064s][info][gc] GC(334) Pause Young (Normal) (G1 Evacuation Pause) 71041M->35788M(235520M) 78,247ms
[2020-09-23T00:38:02.769+0200][6282,459s][info][gc] GC(335) Pause Young (Normal) (G1 Evacuation Pause) 69356M->36143M(235520M) 101,661ms
[2020-09-23T00:38:34.949+0200][6314,639s][info][gc] GC(336) Pause Young (Normal) (G1 Evacuation Pause) 70159M->36379M(235520M) 115,078ms
[2020-09-23T00:39:10.243+0200][6349,932s][info][gc] GC(337) Pause Young (Normal) (G1 Evacuation Pause) 69403M->36682M(235520M) 132,280ms
[2020-09-23T00:39:45.213+0200][6384,902s][info][gc] GC(338) Pause Young (Normal) (G1 Evacuation Pause) 69258M->36978M(235520M) 151,321ms
[2020-09-23T00:40:14.568+0200][6414,257s][info][gc] GC(339) Pause Young (Normal) (G1 Evacuation Pause) 67538M->37202M(235520M) 163,008ms
[2020-09-23T00:40:42.859+0200][6442,548s][info][gc] GC(340) Pause Young (Normal) (G1 Evacuation Pause) 65746M->37399M(235520M) 204,715ms
[2020-09-23T00:41:03.119+0200][6462,809s][info][gc] GC(341) Pause Young (Normal) (G1 Evacuation Pause) 61399M->37572M(235520M) 150,862ms
[2020-09-23T00:41:21.925+0200][6481,615s][info][gc] GC(342) Pause Young (Normal) (G1 Evacuation Pause) 62468M->37763M(235520M) 145,800ms
[2020-09-23T00:41:42.565+0200][6502,255s][info][gc] GC(343) Pause Young (Normal) (G1 Evacuation Pause) 63523M->37835M(235520M) 125,211ms
[2020-09-23T00:42:08.334+0200][6528,023s][info][gc] GC(344) Pause Young (Normal) (G1 Evacuation Pause) 64523M->38051M(235520M) 140,515ms
[2020-09-23T00:42:34.970+0200][6554,659s][info][gc] GC(345) Pause Young (Normal) (G1 Evacuation Pause) 65187M->38275M(235520M) 160,288ms
[2020-09-23T00:43:03.553+0200][6583,242s][info][gc] GC(346) Pause Young (Normal) (G1 Evacuation Pause) 66083M->38430M(235520M) 143,548ms
[2020-09-23T00:43:31.580+0200][6611,269s][info][gc] GC(347) Pause Young (Normal) (G1 Evacuation Pause) 66654M->38658M(235520M) 162,538ms
[2020-09-23T00:43:58.009+0200][6637,699s][info][gc] GC(348) Pause Young (Normal) (G1 Evacuation Pause) 67234M->38908M(235520M) 156,852ms
[2020-09-23T00:44:23.766+0200][6663,455s][info][gc] GC(349) Pause Young (Normal) (G1 Evacuation Pause) 67900M->39009M(235520M) 167,459ms
[2020-09-23T00:44:49.348+0200][6689,038s][info][gc] GC(350) Pause Young (Normal) (G1 Evacuation Pause) 68385M->39255M(235520M) 165,751ms
[2020-09-23T00:45:19.022+0200][6718,711s][info][gc] GC(351) Pause Young (Normal) (G1 Evacuation Pause) 69239M->39528M(235520M) 166,819ms
[2020-09-23T00:45:49.438+0200][6749,128s][info][gc] GC(352) Pause Young (Normal) (G1 Evacuation Pause) 69768M->39769M(235520M) 190,155ms
[2020-09-23T00:46:15.111+0200][6774,800s][info][gc] GC(353) Pause Young (Normal) (G1 Evacuation Pause) 66841M->39970M(235520M) 190,618ms
[2020-09-23T00:46:41.724+0200][6801,414s][info][gc] GC(354) Pause Young (Normal) (G1 Evacuation Pause) 68834M->40157M(235520M) 154,261ms
[2020-09-23T00:47:00.821+0200][6820,511s][info][gc] GC(355) Pause Full (System.gc()) 61421M->39754M(235520M) 1672,109ms
[2020-09-23T00:47:37.311+0200][6857,000s][info][gc] GC(356) Pause Young (Normal) (G1 Evacuation Pause) 82314M->40246M(235520M) 57,354ms
[2020-09-23T00:48:14.664+0200][6894,354s][info][gc] GC(357) Pause Young (Normal) (G1 Evacuation Pause) 80310M->40564M(235520M) 77,953ms
[2020-09-23T00:48:52.126+0200][6931,816s][info][gc] GC(358) Pause Young (Normal) (G1 Evacuation Pause) 83540M->40790M(235520M) 94,377ms
[2020-09-23T00:49:27.712+0200][6967,401s][info][gc] GC(359) Pause Young (Normal) (G1 Evacuation Pause) 83286M->40970M(235520M) 101,553ms
[2020-09-23T00:50:04.856+0200][7004,546s][info][gc] GC(360) Pause Young (Normal) (G1 Evacuation Pause) 84298M->41295M(235520M) 122,308ms
[2020-09-23T00:50:44.875+0200][7044,565s][info][gc] GC(361) Pause Young (Normal) (G1 Evacuation Pause) 86063M->41754M(235520M) 142,516ms
[2020-09-23T00:51:19.964+0200][7079,653s][info][gc] GC(362) Pause Young (Normal) (G1 Evacuation Pause) 82202M->41947M(235520M) 154,798ms
[2020-09-23T00:51:55.323+0200][7115,012s][info][gc] GC(363) Pause Young (Normal) (G1 Evacuation Pause) 77947M->42218M(235520M) 170,463ms
[2020-09-23T00:52:25.590+0200][7145,279s][info][gc] GC(364) Pause Young (Normal) (G1 Evacuation Pause) 73578M->42446M(235520M) 195,646ms
[2020-09-23T00:52:39.450+0200][7159,139s][info][gc] GC(365) Pause Young (Normal) (G1 Evacuation Pause) 56494M->42504M(235520M) 189,053ms
[2020-09-23T00:52:55.947+0200][7175,637s][info][gc] GC(366) Pause Young (Normal) (G1 Evacuation Pause) 59752M->42674M(235520M) 94,433ms
[2020-09-23T00:53:11.862+0200][7191,552s][info][gc] GC(367) Pause Young (Normal) (G1 Evacuation Pause) 60338M->42827M(235520M) 101,531ms
[2020-09-23T00:53:29.264+0200][7208,953s][info][gc] GC(368) Pause Young (Normal) (G1 Evacuation Pause) 61131M->42908M(235520M) 111,363ms
[2020-09-23T00:53:46.416+0200][7226,105s][info][gc] GC(369) Pause Young (Normal) (G1 Evacuation Pause) 62716M->43058M(235520M) 102,118ms
[2020-09-23T00:54:05.757+0200][7245,446s][info][gc] GC(370) Pause Young (Normal) (G1 Evacuation Pause) 64050M->43187M(235520M) 110,268ms
[2020-09-23T00:54:26.465+0200][7266,154s][info][gc] GC(371) Pause Young (Normal) (G1 Evacuation Pause) 65619M->43384M(235520M) 123,598ms
[2020-09-23T00:54:49.346+0200][7289,035s][info][gc] GC(372) Pause Young (Normal) (G1 Evacuation Pause) 67192M->43445M(235520M) 125,322ms
[2020-09-23T00:55:11.682+0200][7311,372s][info][gc] GC(373) Pause Young (Normal) (G1 Evacuation Pause) 69045M->43706M(235520M) 142,088ms
[2020-09-23T00:55:29.884+0200][7329,574s][info][gc] GC(374) Pause Full (System.gc()) 62554M->43284M(235520M) 1870,444ms
[2020-09-23T00:56:15.764+0200][7375,454s][info][gc] GC(375) Pause Young (Normal) (G1 Evacuation Pause) 92660M->43899M(235520M) 62,243ms
[2020-09-23T00:57:03.607+0200][7423,296s][info][gc] GC(376) Pause Young (Normal) (G1 Evacuation Pause) 87323M->44212M(235520M) 86,183ms
[2020-09-23T00:57:56.092+0200][7475,782s][info][gc] GC(377) Pause Young (Normal) (G1 Evacuation Pause) 90804M->44596M(235520M) 107,594ms
[2020-09-23T00:58:42.833+0200][7522,522s][info][gc] GC(378) Pause Young (Normal) (G1 Evacuation Pause) 90324M->44895M(235520M) 124,913ms
[2020-09-23T00:59:27.797+0200][7567,486s][info][gc] GC(379) Pause Young (Normal) (G1 Evacuation Pause) 86111M->45236M(235520M) 149,783ms
[2020-09-23T01:00:04.874+0200][7604,564s][info][gc] GC(380) Pause Young (Normal) (G1 Evacuation Pause) 79956M->45556M(235520M) 166,940ms
[2020-09-23T01:00:33.096+0200][7632,786s][info][gc] GC(381) Pause Young (Normal) (G1 Evacuation Pause) 72404M->45793M(235520M) 204,021ms
[2020-09-23T01:01:05.539+0200][7665,228s][info][gc] GC(382) Pause Young (Normal) (G1 Evacuation Pause) 75713M->45960M(235520M) 142,077ms
[2020-09-23T01:01:36.877+0200][7696,567s][info][gc] GC(383) Pause Young (Normal) (G1 Evacuation Pause) 75848M->46259M(235520M) 164,636ms
[2020-09-23T01:02:05.320+0200][7725,010s][info][gc] GC(384) Pause Young (Normal) (G1 Evacuation Pause) 72723M->46424M(235520M) 192,149ms
[2020-09-23T01:02:38.702+0200][7758,392s][info][gc] GC(385) Pause Young (Normal) (G1 Evacuation Pause) 76472M->46670M(235520M) 147,371ms
[2020-09-23T01:03:11.679+0200][7791,369s][info][gc] GC(386) Pause Young (Normal) (G1 Evacuation Pause) 76398M->46969M(235520M) 162,688ms
[2020-09-23T01:03:40.365+0200][7820,055s][info][gc] GC(387) Pause Young (Normal) (G1 Evacuation Pause) 75353M->47205M(235520M) 182,073ms
[2020-09-23T01:04:01.846+0200][7841,535s][info][gc] GC(388) Pause Young (Normal) (G1 Evacuation Pause) 75781M->47279M(235520M) 161,945ms
[2020-09-23T01:04:10.984+0200][7850,674s][info][gc] GC(389) Pause Full (System.gc()) 68863M->46732M(235520M) 1524,422ms
[2020-09-23T01:04:12.251+0200][7851,941s][info][gc] GC(390) Pause Full (System.gc()) 46748M->20532M(235520M) 1261,717ms
[2020-09-23T01:04:14.476+0200][7854,166s][info][gc] GC(391) Pause Full (System.gc()) 21012M->20961M(235520M) 235,756ms
[2020-09-23T01:04:15.779+0200][7855,468s][info][gc] GC(392) Pause Full (System.gc()) 21393M->21377M(235520M) 87,224ms
[2020-09-23T01:04:17.032+0200][7856,722s][info][gc] GC(393) Pause Full (System.gc()) 21809M->21793M(235520M) 66,673ms
[2020-09-23T01:04:18.283+0200][7857,972s][info][gc] GC(394) Pause Full (System.gc()) 22225M->22209M(235520M) 64,221ms
[2020-09-23T01:04:19.537+0200][7859,226s][info][gc] GC(395) Pause Full (System.gc()) 22641M->22625M(235520M) 68,841ms
[2020-09-23T01:04:20.803+0200][7860,493s][info][gc] GC(396) Pause Full (System.gc()) 23057M->23041M(235520M) 64,273ms
[2020-09-23T01:04:21.960+0200][7861,650s][info][gc] GC(397) Pause Full (System.gc()) 23441M->23425M(235520M) 64,352ms
[2020-09-23T01:04:23.180+0200][7862,869s][info][gc] GC(398) Pause Full (System.gc()) 24289M->23841M(235520M) 63,154ms
[2020-09-23T01:04:48.395+0200][7888,084s][info][gc] GC(399) Pause Young (Normal) (G1 Evacuation Pause) 60673M->24262M(235520M) 6,489ms
[2020-09-23T01:05:15.397+0200][7915,087s][info][gc] GC(400) Pause Young (Normal) (G1 Evacuation Pause) 65190M->24231M(235520M) 6,638ms
[2020-09-23T01:05:47.735+0200][7947,424s][info][gc] GC(401) Pause Young (Normal) (G1 Evacuation Pause) 74791M->24227M(235520M) 6,800ms
[2020-09-23T01:06:28.911+0200][7988,601s][info][gc] GC(402) Pause Young (Normal) (G1 Evacuation Pause) 89955M->24225M(235520M) 7,834ms
[2020-09-23T01:07:21.778+0200][8041,468s][info][gc] GC(403) Pause Young (Normal) (G1 Evacuation Pause) 107713M->24225M(235520M) 9,720ms
[2020-09-23T01:08:22.295+0200][8101,984s][info][gc] GC(404) Pause Young (Normal) (G1 Evacuation Pause) 111009M->24225M(235520M) 8,632ms
[2020-09-23T01:08:53.121+0200][8132,810s][info][gc] GC(405) Pause Young (Normal) (G1 Evacuation Pause) 68257M->24225M(235520M) 6,469ms
[2020-09-23T01:09:22.203+0200][8161,892s][info][gc] GC(406) Pause Young (Normal) (G1 Evacuation Pause) 65601M->24225M(235520M) 6,421ms
[2020-09-23T01:09:48.699+0200][8188,388s][info][gc] GC(407) Pause Young (Normal) (G1 Evacuation Pause) 62113M->24225M(235520M) 6,288ms
[2020-09-23T01:10:17.703+0200][8217,393s][info][gc] GC(408) Pause Young (Normal) (G1 Evacuation Pause) 65697M->24225M(235520M) 6,344ms
[2020-09-23T01:10:47.010+0200][8246,700s][info][gc] GC(409) Pause Young (Normal) (G1 Evacuation Pause) 66017M->24225M(235520M) 6,586ms
[2020-09-23T01:11:19.645+0200][8279,335s][info][gc] GC(410) Pause Young (Normal) (G1 Evacuation Pause) 70977M->24225M(235520M) 7,053ms
[2020-09-23T01:11:56.079+0200][8315,769s][info][gc] GC(411) Pause Young (Normal) (G1 Evacuation Pause) 77057M->24225M(235520M) 7,268ms
[2020-09-23T01:12:36.658+0200][8356,348s][info][gc] GC(412) Pause Young (Normal) (G1 Evacuation Pause) 84545M->24225M(235520M) 7,721ms
[2020-09-23T01:13:22.516+0200][8402,205s][info][gc] GC(413) Pause Young (Normal) (G1 Evacuation Pause) 91873M->24225M(235520M) 8,156ms
[2020-09-23T01:14:13.294+0200][8452,983s][info][gc] GC(414) Pause Young (Normal) (G1 Evacuation Pause) 98177M->24225M(235520M) 8,807ms
[2020-09-23T01:15:14.074+0200][8513,764s][info][gc] GC(415) Pause Young (Normal) (G1 Evacuation Pause) 113057M->24225M(235520M) 9,610ms
[2020-09-23T01:16:00.021+0200][8559,710s][info][gc] GC(416) Pause Young (Normal) (G1 Evacuation Pause) 91233M->24225M(235520M) 8,265ms
[2020-09-23T01:16:50.051+0200][8609,741s][info][gc] GC(417) Pause Young (Normal) (G1 Evacuation Pause) 98017M->24225M(235520M) 8,457ms
[2020-09-23T01:17:50.098+0200][8669,788s][info][gc] GC(418) Pause Young (Normal) (G1 Evacuation Pause) 112353M->24225M(235520M) 9,675ms
[2020-09-23T01:18:56.739+0200][8736,428s][info][gc] GC(419) Pause Young (Normal) (G1 Evacuation Pause) 122081M->24225M(235520M) 10,034ms
[2020-09-23T01:19:56.245+0200][8795,934s][info][gc] GC(420) Pause Young (Normal) (G1 Evacuation Pause) 112225M->24225M(235520M) 9,670ms
[2020-09-23T01:21:07.145+0200][8866,835s][info][gc] GC(421) Pause Young (Normal) (G1 Evacuation Pause) 129185M->24225M(235520M) 10,414ms
[2020-09-23T01:22:17.999+0200][8937,689s][info][gc] GC(422) Pause Young (Normal) (G1 Evacuation Pause) 130049M->24225M(235520M) 10,757ms
[2020-09-23T01:23:33.450+0200][9013,140s][info][gc] GC(423) Pause Young (Normal) (G1 Evacuation Pause) 136961M->24225M(235520M) 11,338ms
[2020-09-23T01:24:56.419+0200][9096,108s][info][gc] GC(424) Pause Young (Normal) (G1 Evacuation Pause) 149313M->24225M(235520M) 12,108ms
[2020-09-23T01:26:30.442+0200][9190,131s][info][gc] GC(425) Pause Young (Normal) (G1 Evacuation Pause) 165505M->24225M(235520M) 13,451ms
[2020-09-23T01:28:03.329+0200][9283,019s][info][gc] GC(426) Pause Young (Normal) (G1 Evacuation Pause) 165505M->24225M(235520M) 13,345ms
[2020-09-23T01:29:35.840+0200][9375,530s][info][gc] GC(427) Pause Young (Normal) (G1 Evacuation Pause) 165505M->24225M(235520M) 13,394ms
[2020-09-23T01:31:08.433+0200][9468,123s][info][gc] GC(428) Pause Young (Normal) (G1 Evacuation Pause) 165505M->24225M(235520M) 12,934ms
[2020-09-23T01:32:40.101+0200][9559,790s][info][gc] GC(429) Pause Young (Normal) (G1 Evacuation Pause) 165505M->24225M(235520M) 12,924ms
[2020-09-23T01:34:12.726+0200][9652,416s][info][gc] GC(430) Pause Young (Normal) (G1 Evacuation Pause) 165505M->24225M(235520M) 12,939ms
[2020-09-23T01:35:45.470+0200][9745,159s][info][gc] GC(431) Pause Young (Normal) (G1 Evacuation Pause) 165505M->24225M(235520M) 13,307ms
[2020-09-23T01:37:16.279+0200][9835,968s][info][gc] GC(432) Pause Young (Normal) (G1 Evacuation Pause) 165505M->24225M(235520M) 12,840ms
[2020-09-23T01:37:38.672+0200][9858,362s][info][gc] GC(433) Pause Full (System.gc()) 58689M->20545M(235520M) 123,655ms
[2020-09-23T01:47:45.706+0200][10465,395s][info][gc] GC(434) Pause Young (Normal) (G1 Humongous Allocation) 234740M->28291M(235520M) 58,899ms
[2020-09-23T01:48:23.159+0200][10502,849s][info][gc] GC(435) Pause Full (System.gc()) 41267M->20545M(235520M) 79,792ms
[2020-09-23T01:52:24.444+0200][10744,134s][info][gc] GC(436) Pause Full (System.gc()) 151316M->22080M(235520M) 374,849ms
[2020-09-23T01:52:48.580+0200][10768,270s][info][gc] GC(437) Pause Full (System.gc()) 30184M->20044M(235520M) 1139,985ms
[2020-09-23T01:52:48.813+0200][10768,503s][info][gc] GC(438) Pause Full (System.gc()) 20060M->20044M(235520M) 231,209ms
[2020-09-23T01:52:48.906+0200][10768,596s][info][gc] GC(439) Pause Full (System.gc()) 20076M->20044M(235520M) 92,724ms
[2020-09-23T01:52:48.975+0200][10768,665s][info][gc] GC(440) Pause Full (System.gc()) 20076M->20044M(235520M) 68,642ms
[2020-09-23T01:52:49.040+0200][10768,730s][info][gc] GC(441) Pause Full (System.gc()) 20092M->20044M(235520M) 64,240ms
[2020-09-23T01:52:49.098+0200][10768,788s][info][gc] GC(442) Pause Full (System.gc()) 20076M->20044M(235520M) 57,605ms
[2020-09-23T01:52:49.157+0200][10768,847s][info][gc] GC(443) Pause Full (System.gc()) 20108M->20044M(235520M) 58,276ms
[2020-09-23T01:52:49.218+0200][10768,908s][info][gc] GC(444) Pause Full (System.gc()) 20108M->20044M(235520M) 60,892ms
[2020-09-23T01:52:52.815+0200][10772,505s][info][gc] GC(445) Pause Full (System.gc()) 46894M->46642M(235520M) 1108,032ms
[2020-09-23T01:52:53.915+0200][10773,604s][info][gc] GC(446) Pause Full (System.gc()) 46690M->46642M(235520M) 1099,027ms
[2020-09-23T01:52:55.010+0200][10774,700s][info][gc] GC(447) Pause Full (System.gc()) 46706M->46642M(235520M) 1095,114ms
[2020-09-23T01:52:56.109+0200][10775,799s][info][gc] GC(448) Pause Full (System.gc()) 46674M->46642M(235520M) 1098,947ms
[2020-09-23T01:53:04.608+0200][10784,298s][info][gc] GC(449) Pause Young (Normal) (G1 Evacuation Pause) 65330M->56857M(235520M) 2847,659ms
[2020-09-23T01:53:15.539+0200][10795,228s][info][gc] GC(450) Pause Young (Normal) (G1 Evacuation Pause) 74841M->66642M(235520M) 3587,515ms
[2020-09-23T01:53:28.103+0200][10807,793s][info][gc] GC(451) Pause Young (Normal) (G1 Evacuation Pause) 83858M->76562M(235520M) 3870,195ms
[2020-09-23T01:53:40.512+0200][10820,201s][info][gc] GC(452) Pause Young (Normal) (G1 Evacuation Pause) 96850M->87154M(235520M) 3828,206ms
[2020-09-23T01:53:52.336+0200][10832,025s][info][gc] GC(453) Pause Young (Normal) (G1 Evacuation Pause) 97458M->94770M(235520M) 3859,293ms
[2020-09-23T01:54:02.479+0200][10842,168s][info][gc] GC(454) Pause Young (Concurrent Start) (G1 Humongous Allocation) 113922M->104418M(235520M) 3242,519ms
[2020-09-23T01:54:02.479+0200][10842,169s][info][gc] GC(455) Concurrent Cycle
[2020-09-23T01:54:16.809+0200][10856,498s][info][gc] GC(456) Pause Young (Normal) (G1 Evacuation Pause) 118466M->113442M(235520M) 3789,185ms
[2020-09-23T01:54:31.369+0200][10871,059s][info][gc] GC(457) Pause Young (Normal) (G1 Evacuation Pause) 123746M->121266M(235520M) 3897,502ms
[2020-09-23T01:54:46.449+0200][10886,139s][info][gc] GC(458) Pause Young (Normal) (G1 Evacuation Pause) 142898M->132978M(235520M) 3964,650ms
[2020-09-23T01:55:01.124+0200][10900,813s][info][gc] GC(459) Pause Young (Normal) (G1 Evacuation Pause) 154610M->144722M(235520M) 3906,068ms
[2020-09-23T01:55:09.327+0200][10909,016s][info][gc] GC(455) Pause Remark 152690M->152690M(235520M) 2,017ms
[2020-09-23T01:55:16.174+0200][10915,863s][info][gc] GC(460) Pause Young (Normal) (G1 Evacuation Pause) 155026M->152626M(235520M) 4055,104ms
[2020-09-23T01:55:33.904+0200][10933,593s][info][gc] GC(461) Pause Young (Normal) (G1 Evacuation Pause) 162930M->160594M(235520M) 5762,106ms
[2020-09-23T01:55:51.277+0200][10950,967s][info][gc] GC(462) Pause Young (Normal) (G1 Evacuation Pause) 174610M->172338M(235520M) 5557,209ms
[2020-09-23T01:56:37.648+0200][10997,338s][info][gc] GC(455) Pause Cleanup 209250M->209250M(235520M) 2,345ms
